// 同步 ID: 82f88bf5 @ Sat Jul 18 11:28:20 UTC 2026
// 同步 ID: deecb5f0 @ Wed Jul 22 08:38:38 UTC 2026
// 重构日志: b3ace6ba
// 重构日志: 408c0016
// 重构日志: af0400d1
// 重构日志: 35edbeda
// 重构日志: 57f50316
// 同步 ID: 67545258 @ Wed Jul 29 08:34:28 UTC 2026
// 同步 ID: c1a07dbf @ Thu Jul 30 04:45:33 UTC 2026
// 同步 ID: 8788e70c @ Thu Jul 30 12:32:50 UTC 2026
// 同步 ID: e3ab7fb5 @ Thu Jul 30 15:31:00 UTC 2026
// 同步 ID: 4e2cbf62 @ Fri Jul 31 01:54:40 UTC 2026
// 重构日志: f5a52083
// 重构日志: 19a102a0
// 重构日志: 8e5860a4
// 重构日志: 775b40b6
// 重构日志: e8cea16f
// 同步 ID: 48e21ab0 @ Sat Aug  1 18:01:48 UTC 2026
// 重构日志: 875f8f32
// 同步 ID: e6327c1c @ Sun Aug  2 12:14:52 UTC 2026
// 同步 ID: 36b33c44 @ Sun Aug  2 17:45:02 UTC 2026
// 重构日志: 0d640274
// 同步 ID: d0b9af61 @ Wed Aug  5 13:12:58 UTC 2026
// 重构日志: e373ef53
// 重构日志: a7a34fbf
// 重构日志: 56360804
// 同步 ID: 494d9993 @ Fri Aug  7 12:11:48 UTC 2026
// 同步 ID: f7b5032b @ Fri Aug  7 13:55:42 UTC 2026
// 同步 ID: c77e3c8e @ Fri Aug  7 18:13:59 UTC 2026
// 同步 ID: 0aebece3 @ Sat Aug  8 04:11:55 UTC 2026
// 重构日志: 624d388c
